// Vitest Snapshot v1, https://vitest.dev/guide/snapshot.html

exports[`Reporter: JSON Reporter > core 1`] = `
[
  "{\\"name\\":\\"success task\\",\\"result\\":\\"1\\"}",
  "{\\"name\\":\\"failed task\\",\\"error\\":\\"error\\"}",
]
`;
